// Jest Snapshot v1, https://goo.gl/fbAQLP

exports[`Favorites should match the snapshot 1`] = `
ShallowWrapper {
  Symbol(enzyme.__root__): [Circular],
  Symbol(enzyme.__unrendered__): <Unknown
    numberOfFavorites={1}
    setContainerView={[Function]}
/>,
  Symbol(enzyme.__renderer__): Object {
    "batchedUpdates": [Function],
    "getNode": [Function],
    "render": [Function],
    "simulateEvent": [Function],
    "unmount": [Function],
  },
  Symbol(enzyme.__node__): Object {
    "instance": null,
    "key": undefined,
    "nodeType": "host",
    "props": Object {
      "children": <a
        class="superBtn"
        onClick={[Function]}
>
        Favorites:
        <span>
                 
                1
        </span>
</a>,
      "className": "favorites",
    },
    "ref": null,
    "rendered": Object {
      "instance": null,
      "key": undefined,
      "nodeType": "host",
      "props": Object {
        "children": Array [
          "Favorites:",
          <span>
             
            1
</span>,
        ],
        "class": "superBtn",
        "onClick": [Function],
      },
      "ref": null,
      "rendered": Array [
        "Favorites:",
        Object {
          "instance": null,
          "key": undefined,
          "nodeType": "host",
          "props": Object {
            "children": Array [
              " ",
              1,
            ],
          },
          "ref": null,
          "rendered": Array [
            " ",
            1,
          ],
          "type": "span",
        },
      ],
      "type": "a",
    },
    "type": "div",
  },
  Symbol(enzyme.__nodes__): Array [
    Object {
      "instance": null,
      "key": undefined,
      "nodeType": "host",
      "props": Object {
        "children": <a
          class="superBtn"
          onClick={[Function]}
>
          Favorites:
          <span>
                     
                    1
          </span>
</a>,
        "className": "favorites",
      },
      "ref": null,
      "rendered": Object {
        "instance": null,
        "key": undefined,
        "nodeType": "host",
        "props": Object {
          "children": Array [
            "Favorites:",
            <span>
               
              1
</span>,
          ],
          "class": "superBtn",
          "onClick": [Function],
        },
        "ref": null,
        "rendered": Array [
          "Favorites:",
          Object {
            "instance": null,
            "key": undefined,
            "nodeType": "host",
            "props": Object {
              "children": Array [
                " ",
                1,
              ],
            },
            "ref": null,
            "rendered": Array [
              " ",
              1,
            ],
            "type": "span",
          },
        ],
        "type": "a",
      },
      "type": "div",
    },
  ],
  Symbol(enzyme.__options__): Object {
    "adapter": ReactSixteenAdapter {
      "options": Object {
        "enableComponentDidUpdateOnSetState": true,
        "lifecycles": Object {
          "componentDidUpdate": Object {
            "onSetState": true,
          },
          "getSnapshotBeforeUpdate": true,
        },
      },
    },
    "attachTo": undefined,
    "hydrateIn": undefined,
  },
}
`;
