// Jest Snapshot v1, https://goo.gl/fbAQLP

exports[`Navbar should match the snapshot 1`] = `
ShallowWrapper {
  Symbol(enzyme.__root__): [Circular],
  Symbol(enzyme.__unrendered__): <Navbar
    setContainerView={[Function]}
/>,
  Symbol(enzyme.__renderer__): Object {
    "batchedUpdates": [Function],
    "getNode": [Function],
    "render": [Function],
    "simulateEvent": [Function],
    "unmount": [Function],
  },
  Symbol(enzyme.__node__): Object {
    "instance": null,
    "key": undefined,
    "nodeType": "host",
    "props": Object {
      "children": <fieldset>
        <a
                className="glowBtn"
                onClick={[Function]}
                title="people"
        >
                People
        </a>
        <a
                className="glowBtn"
                onClick={[Function]}
                title="planets"
        >
                Planets
        </a>
        <a
                className="glowBtn"
                onClick={[Function]}
                title="vehicles"
        >
                Vehicles
        </a>
</fieldset>,
      "className": "navbar",
    },
    "ref": null,
    "rendered": Object {
      "instance": null,
      "key": undefined,
      "nodeType": "host",
      "props": Object {
        "children": Array [
          <a
            className="glowBtn"
            onClick={[Function]}
            title="people"
>
            People
</a>,
          <a
            className="glowBtn"
            onClick={[Function]}
            title="planets"
>
            Planets
</a>,
          <a
            className="glowBtn"
            onClick={[Function]}
            title="vehicles"
>
            Vehicles
</a>,
        ],
      },
      "ref": null,
      "rendered": Array [
        Object {
          "instance": null,
          "key": undefined,
          "nodeType": "host",
          "props": Object {
            "children": "People",
            "className": "glowBtn",
            "onClick": [Function],
            "title": "people",
          },
          "ref": null,
          "rendered": "People",
          "type": "a",
        },
        Object {
          "instance": null,
          "key": undefined,
          "nodeType": "host",
          "props": Object {
            "children": "Planets",
            "className": "glowBtn",
            "onClick": [Function],
            "title": "planets",
          },
          "ref": null,
          "rendered": "Planets",
          "type": "a",
        },
        Object {
          "instance": null,
          "key": undefined,
          "nodeType": "host",
          "props": Object {
            "children": "Vehicles",
            "className": "glowBtn",
            "onClick": [Function],
            "title": "vehicles",
          },
          "ref": null,
          "rendered": "Vehicles",
          "type": "a",
        },
      ],
      "type": "fieldset",
    },
    "type": "div",
  },
  Symbol(enzyme.__nodes__): Array [
    Object {
      "instance": null,
      "key": undefined,
      "nodeType": "host",
      "props": Object {
        "children": <fieldset>
          <a
                    className="glowBtn"
                    onClick={[Function]}
                    title="people"
          >
                    People
          </a>
          <a
                    className="glowBtn"
                    onClick={[Function]}
                    title="planets"
          >
                    Planets
          </a>
          <a
                    className="glowBtn"
                    onClick={[Function]}
                    title="vehicles"
          >
                    Vehicles
          </a>
</fieldset>,
        "className": "navbar",
      },
      "ref": null,
      "rendered": Object {
        "instance": null,
        "key": undefined,
        "nodeType": "host",
        "props": Object {
          "children": Array [
            <a
              className="glowBtn"
              onClick={[Function]}
              title="people"
>
              People
</a>,
            <a
              className="glowBtn"
              onClick={[Function]}
              title="planets"
>
              Planets
</a>,
            <a
              className="glowBtn"
              onClick={[Function]}
              title="vehicles"
>
              Vehicles
</a>,
          ],
        },
        "ref": null,
        "rendered": Array [
          Object {
            "instance": null,
            "key": undefined,
            "nodeType": "host",
            "props": Object {
              "children": "People",
              "className": "glowBtn",
              "onClick": [Function],
              "title": "people",
            },
            "ref": null,
            "rendered": "People",
            "type": "a",
          },
          Object {
            "instance": null,
            "key": undefined,
            "nodeType": "host",
            "props": Object {
              "children": "Planets",
              "className": "glowBtn",
              "onClick": [Function],
              "title": "planets",
            },
            "ref": null,
            "rendered": "Planets",
            "type": "a",
          },
          Object {
            "instance": null,
            "key": undefined,
            "nodeType": "host",
            "props": Object {
              "children": "Vehicles",
              "className": "glowBtn",
              "onClick": [Function],
              "title": "vehicles",
            },
            "ref": null,
            "rendered": "Vehicles",
            "type": "a",
          },
        ],
        "type": "fieldset",
      },
      "type": "div",
    },
  ],
  Symbol(enzyme.__options__): Object {
    "adapter": ReactSixteenAdapter {
      "options": Object {
        "enableComponentDidUpdateOnSetState": true,
        "lifecycles": Object {
          "componentDidUpdate": Object {
            "onSetState": true,
          },
          "getSnapshotBeforeUpdate": true,
        },
      },
    },
    "attachTo": undefined,
    "hydrateIn": undefined,
  },
}
`;
